// Vitest Snapshot v1, https://vitest.dev/guide/snapshot.html

exports[`renderSvg > produces a stable, well-formed SVG for the dark theme 1`] = `
"<svg xmlns="http://www.w3.org/2000/svg" width="240" height="319" viewBox="-12 -12 240 319" font-family="system-ui, -apple-system, &quot;Segoe UI&quot;, Roboto, Helvetica, Arial, sans-serif">
<defs><marker id="vnm-arrow" viewBox="0 0 10 10" refX="9" refY="5" markerWidth="8" markerHeight="8" orient="auto-start-reverse"><path d="M0 0 L10 5 L0 10 z" fill="#6b7488"/></marker></defs>
<rect x="-12" y="-12" width="240" height="319" fill="#0f1117"/>
<path d="M 110 50 L 110 110" fill="none" stroke="#6b7488" stroke-width="1.5" stroke-linejoin="round" stroke-linecap="round" marker-end="url(#vnm-arrow)"/>
<path d="M 110 173 L 110 206 L 50 206 L 50 239" fill="none" stroke="#6b7488" stroke-width="1.5" stroke-linejoin="round" stroke-linecap="round" marker-end="url(#vnm-arrow)"/><rect x="61.98" y="195" width="36.04" height="22" rx="4" fill="#0f1117"/><text x="80" y="206" fill="#c3cadb" font-size="13" text-anchor="middle" dominant-baseline="central">yes</text>
<path d="M 110 173 L 110 203 L 170 203 L 170 233" fill="none" stroke="#6b7488" stroke-width="1.5" stroke-linejoin="round" stroke-linecap="round" marker-end="url(#vnm-arrow)"/><rect x="126.32" y="192" width="27.36" height="22" rx="4" fill="#0f1117"/><text x="140" y="203" fill="#c3cadb" font-size="13" text-anchor="middle" dominant-baseline="central">no</text>
<g><rect x="72" y="8" width="76" height="42" rx="6" fill="#f00" stroke="#900" stroke-width="1.5"/><text x="110" y="29" fill="#fff" font-size="14" font-weight="500" text-anchor="middle" dominant-baseline="central">Start</text></g>
<g><polygon points="110,110 169.5,141.5 110,173 50.5,141.5" fill="#1a1f2b" stroke="#3a4152" stroke-width="1.5"/><text x="110" y="141.5" fill="#e7eaf2" font-size="14" font-weight="500" text-anchor="middle" dominant-baseline="central">Choice</text></g>
<g><rect x="8" y="239" width="84" height="42" rx="21" fill="#1a1f2b" stroke="#3a4152" stroke-width="1.5"/><text x="50" y="260" fill="#e7eaf2" font-size="14" font-weight="500" text-anchor="middle" dominant-baseline="central">Done</text></g>
<g><path d="M 132 242.72 C 132 230.08 208 230.08 208 242.72 L 208 277.28 C 208 289.92 132 289.92 132 277.28 Z" fill="#1a1f2b" stroke="#3a4152" stroke-width="1.5"/><path d="M 132 242.72 C 132 255.36 208 255.36 208 242.72" fill="none" stroke="#3a4152" stroke-width="1.5"/><text x="170" y="260" fill="#e7eaf2" font-size="14" font-weight="500" text-anchor="middle" dominant-baseline="central">Store</text></g>
</svg>"
`;

exports[`renderSvg > produces a stable, well-formed SVG for the fancy theme 1`] = `
"<svg xmlns="http://www.w3.org/2000/svg" width="258" height="361" viewBox="-12 -12 258 361" font-family="system-ui, -apple-system, &quot;Segoe UI&quot;, Roboto, Helvetica, Arial, sans-serif">
<defs><marker id="vnm-arrow" viewBox="0 0 10 10" refX="9" refY="5" markerWidth="9" markerHeight="9" orient="auto-start-reverse"><path d="M0 0 L10 5 L0 10 z" fill="#7d88c4"/></marker><filter id="vnm-shadow" x="-30%" y="-30%" width="160%" height="160%"><feDropShadow dx="0" dy="3" stdDeviation="5" flood-color="#000" flood-opacity="0.35"/></filter></defs>
<rect x="-12" y="-12" width="258" height="361" fill="#0b1020"/>
<path d="M 119.5 55 C 119.5 91 119.5 91 119.5 127" fill="none" stroke="#7d88c4" stroke-width="1.75" stroke-linejoin="round" stroke-linecap="round" marker-end="url(#vnm-arrow)"/>
<path d="M 119.5 198 C 119.5 237 53 237 53 276" fill="none" stroke="#7d88c4" stroke-width="1.75" stroke-linejoin="round" stroke-linecap="round" marker-end="url(#vnm-arrow)"/><rect x="68.23" y="225.5" width="36.04" height="23" rx="6" fill="#0b1020"/><text x="86.25" y="237" fill="#c8cffb" font-size="13" text-anchor="middle" dominant-baseline="central">yes</text>
<path d="M 119.5 198 C 119.5 234 186 234 186 270" fill="none" stroke="#7d88c4" stroke-width="1.75" stroke-linejoin="round" stroke-linecap="round" marker-end="url(#vnm-arrow)"/><rect x="139.07" y="222.5" width="27.36" height="23" rx="6" fill="#0b1020"/><text x="152.75" y="234" fill="#c8cffb" font-size="13" text-anchor="middle" dominant-baseline="central">no</text>
<g filter="url(#vnm-shadow)"><rect x="79.5" y="8" width="80" height="47" rx="6" fill="#f00" stroke="#900" stroke-width="1.5"/><text x="119.5" y="31.5" fill="#fff" font-size="14" font-weight="600" text-anchor="middle" dominant-baseline="central">Start</text></g>
<g filter="url(#vnm-shadow)"><polygon points="119.5,127 182,162.5 119.5,198 57,162.5" fill="#151b34" stroke="#3b4a7a" stroke-width="1.5"/><text x="119.5" y="162.5" fill="#eef1ff" font-size="14" font-weight="600" text-anchor="middle" dominant-baseline="central">Choice</text></g>
<g filter="url(#vnm-shadow)"><rect x="8" y="276" width="90" height="47" rx="23.5" fill="#151b34" stroke="#3b4a7a" stroke-width="1.5"/><text x="53" y="299.5" fill="#eef1ff" font-size="14" font-weight="600" text-anchor="middle" dominant-baseline="central">Done</text></g>
<g filter="url(#vnm-shadow)"><path d="M 146 280 C 146 267 226 267 226 280 L 226 319 C 226 332 146 332 146 319 Z" fill="#151b34" stroke="#3b4a7a" stroke-width="1.5"/><path d="M 146 280 C 146 293 226 293 226 280" fill="none" stroke="#3b4a7a" stroke-width="1.5"/><text x="186" y="299.5" fill="#eef1ff" font-size="14" font-weight="600" text-anchor="middle" dominant-baseline="central">Store</text></g>
</svg>"
`;

exports[`renderSvg > produces a stable, well-formed SVG for the light theme 1`] = `
"<svg xmlns="http://www.w3.org/2000/svg" width="240" height="319" viewBox="-12 -12 240 319" font-family="system-ui, -apple-system, &quot;Segoe UI&quot;, Roboto, Helvetica, Arial, sans-serif">
<defs><marker id="vnm-arrow" viewBox="0 0 10 10" refX="9" refY="5" markerWidth="8" markerHeight="8" orient="auto-start-reverse"><path d="M0 0 L10 5 L0 10 z" fill="#8a93a6"/></marker></defs>
<rect x="-12" y="-12" width="240" height="319" fill="#f7f8fb"/>
<path d="M 110 50 L 110 110" fill="none" stroke="#8a93a6" stroke-width="1.5" stroke-linejoin="round" stroke-linecap="round" marker-end="url(#vnm-arrow)"/>
<path d="M 110 173 L 110 206 L 50 206 L 50 239" fill="none" stroke="#8a93a6" stroke-width="1.5" stroke-linejoin="round" stroke-linecap="round" marker-end="url(#vnm-arrow)"/><rect x="61.98" y="195" width="36.04" height="22" rx="4" fill="#f7f8fb"/><text x="80" y="206" fill="#3a4152" font-size="13" text-anchor="middle" dominant-baseline="central">yes</text>
<path d="M 110 173 L 110 203 L 170 203 L 170 233" fill="none" stroke="#8a93a6" stroke-width="1.5" stroke-linejoin="round" stroke-linecap="round" marker-end="url(#vnm-arrow)"/><rect x="126.32" y="192" width="27.36" height="22" rx="4" fill="#f7f8fb"/><text x="140" y="203" fill="#3a4152" font-size="13" text-anchor="middle" dominant-baseline="central">no</text>
<g><rect x="72" y="8" width="76" height="42" rx="6" fill="#f00" stroke="#900" stroke-width="1.5"/><text x="110" y="29" fill="#fff" font-size="14" font-weight="500" text-anchor="middle" dominant-baseline="central">Start</text></g>
<g><polygon points="110,110 169.5,141.5 110,173 50.5,141.5" fill="#ffffff" stroke="#c7cdd9" stroke-width="1.5"/><text x="110" y="141.5" fill="#1b2030" font-size="14" font-weight="500" text-anchor="middle" dominant-baseline="central">Choice</text></g>
<g><rect x="8" y="239" width="84" height="42" rx="21" fill="#ffffff" stroke="#c7cdd9" stroke-width="1.5"/><text x="50" y="260" fill="#1b2030" font-size="14" font-weight="500" text-anchor="middle" dominant-baseline="central">Done</text></g>
<g><path d="M 132 242.72 C 132 230.08 208 230.08 208 242.72 L 208 277.28 C 208 289.92 132 289.92 132 277.28 Z" fill="#ffffff" stroke="#c7cdd9" stroke-width="1.5"/><path d="M 132 242.72 C 132 255.36 208 255.36 208 242.72" fill="none" stroke="#c7cdd9" stroke-width="1.5"/><text x="170" y="260" fill="#1b2030" font-size="14" font-weight="500" text-anchor="middle" dominant-baseline="central">Store</text></g>
</svg>"
`;
