// Vitest Snapshot v1, https://vitest.dev/guide/snapshot.html

exports[`renderSequenceAscii > draws a stable sequence diagram 1`] = `
"┌─────┐          ┌───┐           ┌───┐
│User │          │API│           │DB │
└─────┘          └───┘           └───┘
   │               │               │
   │ POST /orders  │               │
   │──────────────▶│               │
   │               │ INSERT order  │
   │               │──────────────▶│
   │               │   order id    │
   │               │◀╌╌╌╌╌╌╌╌╌╌╌╌╌╌│
   │               │ ↺ validate stock
   │               │               │
   │  201 Created  │               │
   │◀╌╌╌╌╌╌╌╌╌╌╌╌╌╌│               │
   │               │               │
┌─────┐          ┌───┐           ┌───┐
│User │          │API│           │DB │
└─────┘          └───┘           └───┘"
`;
