// Vitest Snapshot v1, https://vitest.dev/guide/snapshot.html

exports[`renderSequenceSvg > produces a stable, well-formed SVG for the dark theme 1`] = `
"<svg xmlns="http://www.w3.org/2000/svg" width="390" height="368" viewBox="4 4 390 368" font-family="system-ui, -apple-system, &quot;Segoe UI&quot;, Roboto, Helvetica, Arial, sans-serif">
<defs><marker id="vnm-arrow" viewBox="0 0 10 10" refX="9" refY="5" markerWidth="8" markerHeight="8" orient="auto"><path d="M0 0 L10 5 L0 10 z" fill="#6b7488"/></marker></defs>
<rect x="4" y="4" width="390" height="368" fill="#0f1117"/>
<line x1="69" y1="66" x2="69" y2="310" stroke="#6b7488" stroke-width="1" stroke-dasharray="4 4"/>
<line x1="199" y1="66" x2="199" y2="310" stroke="#6b7488" stroke-width="1" stroke-dasharray="4 4"/>
<line x1="329" y1="66" x2="329" y2="310" stroke="#6b7488" stroke-width="1" stroke-dasharray="4 4"/>
<line x1="69" y1="96" x2="199" y2="96" stroke="#6b7488" stroke-width="1.5" stroke-linecap="round" marker-end="url(#vnm-arrow)"/><rect x="76.92" y="73" width="114.16" height="22" rx="4" fill="#0f1117"/><text x="134" y="84" fill="#c3cadb" font-size="13" text-anchor="middle" dominant-baseline="central">POST /orders</text>
<line x1="199" y1="140" x2="329" y2="140" stroke="#6b7488" stroke-width="1.5" stroke-linecap="round" marker-end="url(#vnm-arrow)"/><rect x="206.92" y="117" width="114.16" height="22" rx="4" fill="#0f1117"/><text x="264" y="128" fill="#c3cadb" font-size="13" text-anchor="middle" dominant-baseline="central">INSERT order</text>
<line x1="329" y1="184" x2="199" y2="184" stroke="#6b7488" stroke-width="1.5" stroke-linecap="round" stroke-dasharray="6 4" marker-end="url(#vnm-arrow)"/><rect x="224.28" y="161" width="79.44" height="22" rx="4" fill="#0f1117"/><text x="264" y="172" fill="#c3cadb" font-size="13" text-anchor="middle" dominant-baseline="central">order id</text>
<path d="M 199 228 L 239 228 L 239 258 L 199 258" fill="none" stroke="#6b7488" stroke-width="1.5" stroke-linejoin="round" marker-end="url(#vnm-arrow)"/><rect x="245.88" y="232" width="79.44" height="22" rx="4" fill="#0f1117"/><text x="285.6" y="243" fill="#c3cadb" font-size="13" text-anchor="middle" dominant-baseline="central">validate</text>
<line x1="199" y1="284" x2="69" y2="284" stroke="#6b7488" stroke-width="1.5" stroke-linecap="round" stroke-dasharray="6 4" marker-end="url(#vnm-arrow)"/><rect x="81.26" y="261" width="105.48" height="22" rx="4" fill="#0f1117"/><text x="134" y="272" fill="#c3cadb" font-size="13" text-anchor="middle" dominant-baseline="central">201 Created</text>
<g><rect x="24" y="24" width="90" height="42" rx="10" fill="#1a1f2b" stroke="#3a4152" stroke-width="1.5"/><text x="69" y="45" fill="#e7eaf2" font-size="14" font-weight="500" text-anchor="middle" dominant-baseline="central">User</text></g>
<g><rect x="24" y="310" width="90" height="42" rx="10" fill="#1a1f2b" stroke="#3a4152" stroke-width="1.5"/><text x="69" y="331" fill="#e7eaf2" font-size="14" font-weight="500" text-anchor="middle" dominant-baseline="central">User</text></g>
<g><rect x="154" y="24" width="90" height="42" rx="10" fill="#1a1f2b" stroke="#3a4152" stroke-width="1.5"/><text x="199" y="45" fill="#e7eaf2" font-size="14" font-weight="500" text-anchor="middle" dominant-baseline="central">API</text></g>
<g><rect x="154" y="310" width="90" height="42" rx="10" fill="#1a1f2b" stroke="#3a4152" stroke-width="1.5"/><text x="199" y="331" fill="#e7eaf2" font-size="14" font-weight="500" text-anchor="middle" dominant-baseline="central">API</text></g>
<g><rect x="284" y="24" width="90" height="42" rx="10" fill="#1a1f2b" stroke="#3a4152" stroke-width="1.5"/><text x="329" y="45" fill="#e7eaf2" font-size="14" font-weight="500" text-anchor="middle" dominant-baseline="central">DB</text></g>
<g><rect x="284" y="310" width="90" height="42" rx="10" fill="#1a1f2b" stroke="#3a4152" stroke-width="1.5"/><text x="329" y="331" fill="#e7eaf2" font-size="14" font-weight="500" text-anchor="middle" dominant-baseline="central">DB</text></g>
</svg>"
`;

exports[`renderSequenceSvg > produces a stable, well-formed SVG for the fancy theme 1`] = `
"<svg xmlns="http://www.w3.org/2000/svg" width="406" height="387" viewBox="4 4 406 387" font-family="system-ui, -apple-system, &quot;Segoe UI&quot;, Roboto, Helvetica, Arial, sans-serif">
<defs><marker id="vnm-arrow" viewBox="0 0 10 10" refX="9" refY="5" markerWidth="9" markerHeight="9" orient="auto"><path d="M0 0 L10 5 L0 10 z" fill="#7d88c4"/></marker><filter id="vnm-shadow" x="-30%" y="-30%" width="160%" height="160%"><feDropShadow dx="0" dy="3" stdDeviation="5" flood-color="#000" flood-opacity="0.35"/></filter></defs>
<rect x="4" y="4" width="406" height="387" fill="#0b1020"/>
<line x1="69" y1="71" x2="69" y2="324" stroke="#7d88c4" stroke-width="1" stroke-dasharray="4 4"/>
<line x1="207" y1="71" x2="207" y2="324" stroke="#7d88c4" stroke-width="1" stroke-dasharray="4 4"/>
<line x1="345" y1="71" x2="345" y2="324" stroke="#7d88c4" stroke-width="1" stroke-dasharray="4 4"/>
<line x1="69" y1="102" x2="207" y2="102" stroke="#7d88c4" stroke-width="1.75" stroke-linecap="round" marker-end="url(#vnm-arrow)"/><rect x="80.92" y="78.5" width="114.16" height="23" rx="6" fill="#0b1020"/><text x="138" y="90" fill="#c8cffb" font-size="13" text-anchor="middle" dominant-baseline="central">POST /orders</text>
<line x1="207" y1="148" x2="345" y2="148" stroke="#7d88c4" stroke-width="1.75" stroke-linecap="round" marker-end="url(#vnm-arrow)"/><rect x="218.92" y="124.5" width="114.16" height="23" rx="6" fill="#0b1020"/><text x="276" y="136" fill="#c8cffb" font-size="13" text-anchor="middle" dominant-baseline="central">INSERT order</text>
<line x1="345" y1="194" x2="207" y2="194" stroke="#7d88c4" stroke-width="1.75" stroke-linecap="round" stroke-dasharray="6 4" marker-end="url(#vnm-arrow)"/><rect x="236.28" y="170.5" width="79.44" height="23" rx="6" fill="#0b1020"/><text x="276" y="182" fill="#c8cffb" font-size="13" text-anchor="middle" dominant-baseline="central">order id</text>
<path d="M 207 240 L 247 240 L 247 270 L 207 270" fill="none" stroke="#7d88c4" stroke-width="1.75" stroke-linejoin="round" marker-end="url(#vnm-arrow)"/><rect x="253.88" y="243.5" width="79.44" height="23" rx="6" fill="#0b1020"/><text x="293.6" y="255" fill="#c8cffb" font-size="13" text-anchor="middle" dominant-baseline="central">validate</text>
<line x1="207" y1="297" x2="69" y2="297" stroke="#7d88c4" stroke-width="1.75" stroke-linecap="round" stroke-dasharray="6 4" marker-end="url(#vnm-arrow)"/><rect x="85.26" y="273.5" width="105.48" height="23" rx="6" fill="#0b1020"/><text x="138" y="285" fill="#c8cffb" font-size="13" text-anchor="middle" dominant-baseline="central">201 Created</text>
<g filter="url(#vnm-shadow)"><rect x="24" y="24" width="90" height="47" rx="14" fill="#151b34" stroke="#3b4a7a" stroke-width="1.5"/><text x="69" y="47.5" fill="#eef1ff" font-size="14" font-weight="600" text-anchor="middle" dominant-baseline="central">User</text></g>
<g filter="url(#vnm-shadow)"><rect x="24" y="324" width="90" height="47" rx="14" fill="#151b34" stroke="#3b4a7a" stroke-width="1.5"/><text x="69" y="347.5" fill="#eef1ff" font-size="14" font-weight="600" text-anchor="middle" dominant-baseline="central">User</text></g>
<g filter="url(#vnm-shadow)"><rect x="162" y="24" width="90" height="47" rx="14" fill="#151b34" stroke="#3b4a7a" stroke-width="1.5"/><text x="207" y="47.5" fill="#eef1ff" font-size="14" font-weight="600" text-anchor="middle" dominant-baseline="central">API</text></g>
<g filter="url(#vnm-shadow)"><rect x="162" y="324" width="90" height="47" rx="14" fill="#151b34" stroke="#3b4a7a" stroke-width="1.5"/><text x="207" y="347.5" fill="#eef1ff" font-size="14" font-weight="600" text-anchor="middle" dominant-baseline="central">API</text></g>
<g filter="url(#vnm-shadow)"><rect x="300" y="24" width="90" height="47" rx="14" fill="#151b34" stroke="#3b4a7a" stroke-width="1.5"/><text x="345" y="47.5" fill="#eef1ff" font-size="14" font-weight="600" text-anchor="middle" dominant-baseline="central">DB</text></g>
<g filter="url(#vnm-shadow)"><rect x="300" y="324" width="90" height="47" rx="14" fill="#151b34" stroke="#3b4a7a" stroke-width="1.5"/><text x="345" y="347.5" fill="#eef1ff" font-size="14" font-weight="600" text-anchor="middle" dominant-baseline="central">DB</text></g>
</svg>"
`;

exports[`renderSequenceSvg > produces a stable, well-formed SVG for the light theme 1`] = `
"<svg xmlns="http://www.w3.org/2000/svg" width="390" height="368" viewBox="4 4 390 368" font-family="system-ui, -apple-system, &quot;Segoe UI&quot;, Roboto, Helvetica, Arial, sans-serif">
<defs><marker id="vnm-arrow" viewBox="0 0 10 10" refX="9" refY="5" markerWidth="8" markerHeight="8" orient="auto"><path d="M0 0 L10 5 L0 10 z" fill="#69728a"/></marker></defs>
<rect x="4" y="4" width="390" height="368" fill="#f7f8fb"/>
<line x1="69" y1="66" x2="69" y2="310" stroke="#69728a" stroke-width="1" stroke-dasharray="4 4"/>
<line x1="199" y1="66" x2="199" y2="310" stroke="#69728a" stroke-width="1" stroke-dasharray="4 4"/>
<line x1="329" y1="66" x2="329" y2="310" stroke="#69728a" stroke-width="1" stroke-dasharray="4 4"/>
<line x1="69" y1="96" x2="199" y2="96" stroke="#69728a" stroke-width="1.5" stroke-linecap="round" marker-end="url(#vnm-arrow)"/><rect x="76.92" y="73" width="114.16" height="22" rx="4" fill="#f7f8fb"/><text x="134" y="84" fill="#3a4152" font-size="13" text-anchor="middle" dominant-baseline="central">POST /orders</text>
<line x1="199" y1="140" x2="329" y2="140" stroke="#69728a" stroke-width="1.5" stroke-linecap="round" marker-end="url(#vnm-arrow)"/><rect x="206.92" y="117" width="114.16" height="22" rx="4" fill="#f7f8fb"/><text x="264" y="128" fill="#3a4152" font-size="13" text-anchor="middle" dominant-baseline="central">INSERT order</text>
<line x1="329" y1="184" x2="199" y2="184" stroke="#69728a" stroke-width="1.5" stroke-linecap="round" stroke-dasharray="6 4" marker-end="url(#vnm-arrow)"/><rect x="224.28" y="161" width="79.44" height="22" rx="4" fill="#f7f8fb"/><text x="264" y="172" fill="#3a4152" font-size="13" text-anchor="middle" dominant-baseline="central">order id</text>
<path d="M 199 228 L 239 228 L 239 258 L 199 258" fill="none" stroke="#69728a" stroke-width="1.5" stroke-linejoin="round" marker-end="url(#vnm-arrow)"/><rect x="245.88" y="232" width="79.44" height="22" rx="4" fill="#f7f8fb"/><text x="285.6" y="243" fill="#3a4152" font-size="13" text-anchor="middle" dominant-baseline="central">validate</text>
<line x1="199" y1="284" x2="69" y2="284" stroke="#69728a" stroke-width="1.5" stroke-linecap="round" stroke-dasharray="6 4" marker-end="url(#vnm-arrow)"/><rect x="81.26" y="261" width="105.48" height="22" rx="4" fill="#f7f8fb"/><text x="134" y="272" fill="#3a4152" font-size="13" text-anchor="middle" dominant-baseline="central">201 Created</text>
<g><rect x="24" y="24" width="90" height="42" rx="10" fill="#ffffff" stroke="#c7cdd9" stroke-width="1.5"/><text x="69" y="45" fill="#1b2030" font-size="14" font-weight="500" text-anchor="middle" dominant-baseline="central">User</text></g>
<g><rect x="24" y="310" width="90" height="42" rx="10" fill="#ffffff" stroke="#c7cdd9" stroke-width="1.5"/><text x="69" y="331" fill="#1b2030" font-size="14" font-weight="500" text-anchor="middle" dominant-baseline="central">User</text></g>
<g><rect x="154" y="24" width="90" height="42" rx="10" fill="#ffffff" stroke="#c7cdd9" stroke-width="1.5"/><text x="199" y="45" fill="#1b2030" font-size="14" font-weight="500" text-anchor="middle" dominant-baseline="central">API</text></g>
<g><rect x="154" y="310" width="90" height="42" rx="10" fill="#ffffff" stroke="#c7cdd9" stroke-width="1.5"/><text x="199" y="331" fill="#1b2030" font-size="14" font-weight="500" text-anchor="middle" dominant-baseline="central">API</text></g>
<g><rect x="284" y="24" width="90" height="42" rx="10" fill="#ffffff" stroke="#c7cdd9" stroke-width="1.5"/><text x="329" y="45" fill="#1b2030" font-size="14" font-weight="500" text-anchor="middle" dominant-baseline="central">DB</text></g>
<g><rect x="284" y="310" width="90" height="42" rx="10" fill="#ffffff" stroke="#c7cdd9" stroke-width="1.5"/><text x="329" y="331" fill="#1b2030" font-size="14" font-weight="500" text-anchor="middle" dominant-baseline="central">DB</text></g>
</svg>"
`;
