// Vitest Snapshot v1, https://vitest.dev/guide/snapshot.html

exports[`renderStateSvg > produces a stable, well-formed SVG for the dark theme 1`] = `
"<svg xmlns="http://www.w3.org/2000/svg" width="133" height="390" viewBox="-12 9 133 390" font-family="system-ui, -apple-system, &quot;Segoe UI&quot;, Roboto, Helvetica, Arial, sans-serif">
<defs><marker id="vnm-arrow" viewBox="0 0 10 10" refX="9" refY="5" markerWidth="8" markerHeight="8" orient="auto-start-reverse"><path d="M0 0 L10 5 L0 10 z" fill="#6b7488"/></marker></defs>
<rect x="-12" y="9" width="133" height="390" fill="#0f1117"/>
<path d="M 54.5 51 L 54.5 132" fill="none" stroke="#6b7488" stroke-width="1.5" stroke-linejoin="round" stroke-linecap="round" marker-end="url(#vnm-arrow)"/>
<path d="M 44.5 174 L 44.5 234" fill="none" stroke="#6b7488" stroke-width="1.5" stroke-linejoin="round" stroke-linecap="round" marker-end="url(#vnm-arrow)"/><rect x="17.8" y="193" width="53.4" height="22" rx="4" fill="#0f1117"/><text x="44.5" y="204" fill="#c3cadb" font-size="13" text-anchor="middle" dominant-baseline="central">start</text>
<path d="M 64.5 234 L 64.5 174" fill="none" stroke="#6b7488" stroke-width="1.5" stroke-linejoin="round" stroke-linecap="round" marker-end="url(#vnm-arrow)"/><rect x="42.14" y="193" width="44.72" height="22" rx="4" fill="#0f1117"/><text x="64.5" y="204" fill="#c3cadb" font-size="13" text-anchor="middle" dominant-baseline="central">stop</text>
<path d="M 54.5 276 L 54.5 357" fill="none" stroke="#6b7488" stroke-width="1.5" stroke-linejoin="round" stroke-linecap="round" marker-end="url(#vnm-arrow)"/>
<circle cx="54.5" cy="40" r="9" fill="#e7eaf2"/>
<g><rect x="21" y="132" width="67" height="42" rx="14" fill="#1a1f2b" stroke="#3a4152" stroke-width="1.5"/><text x="54.5" y="153" fill="#e7eaf2" font-size="14" font-weight="500" text-anchor="middle" dominant-baseline="central">Idle</text></g>
<g><rect x="8" y="234" width="93" height="42" rx="14" fill="#1a1f2b" stroke="#3a4152" stroke-width="1.5"/><text x="54.5" y="255" fill="#e7eaf2" font-size="14" font-weight="500" text-anchor="middle" dominant-baseline="central">Running</text></g>
<circle cx="54.5" cy="368" r="9" fill="none" stroke="#e7eaf2" stroke-width="1.5"/><circle cx="54.5" cy="368" r="5" fill="#e7eaf2"/>
</svg>"
`;

exports[`renderStateSvg > produces a stable, well-formed SVG for the fancy theme 1`] = `
"<svg xmlns="http://www.w3.org/2000/svg" width="137" height="436" viewBox="-12 9 137 436" font-family="system-ui, -apple-system, &quot;Segoe UI&quot;, Roboto, Helvetica, Arial, sans-serif">
<defs><marker id="vnm-arrow" viewBox="0 0 10 10" refX="9" refY="5" markerWidth="9" markerHeight="9" orient="auto-start-reverse"><path d="M0 0 L10 5 L0 10 z" fill="#7d88c4"/></marker><filter id="vnm-shadow" x="-30%" y="-30%" width="160%" height="160%"><feDropShadow dx="0" dy="3" stdDeviation="5" flood-color="#000" flood-opacity="0.35"/></filter></defs>
<rect x="-12" y="9" width="137" height="436" fill="#0b1020"/>
<path d="M 56.5 51 C 56.5 97.5 56.5 97.5 56.5 144" fill="none" stroke="#7d88c4" stroke-width="1.75" stroke-linejoin="round" stroke-linecap="round" marker-end="url(#vnm-arrow)"/>
<path d="M 46.5 191 C 46.5 227 46.5 227 46.5 263" fill="none" stroke="#7d88c4" stroke-width="1.75" stroke-linejoin="round" stroke-linecap="round" marker-end="url(#vnm-arrow)"/><rect x="19.8" y="215.5" width="53.4" height="23" rx="6" fill="#0b1020"/><text x="46.5" y="227" fill="#c8cffb" font-size="13" text-anchor="middle" dominant-baseline="central">start</text>
<path d="M 66.5 263 C 66.5 227 66.5 227 66.5 191" fill="none" stroke="#7d88c4" stroke-width="1.75" stroke-linejoin="round" stroke-linecap="round" marker-end="url(#vnm-arrow)"/><rect x="44.14" y="215.5" width="44.72" height="23" rx="6" fill="#0b1020"/><text x="66.5" y="227" fill="#c8cffb" font-size="13" text-anchor="middle" dominant-baseline="central">stop</text>
<path d="M 56.5 310 C 56.5 356.5 56.5 356.5 56.5 403" fill="none" stroke="#7d88c4" stroke-width="1.75" stroke-linejoin="round" stroke-linecap="round" marker-end="url(#vnm-arrow)"/>
<circle cx="56.5" cy="40" r="9" fill="#eef1ff"/>
<g filter="url(#vnm-shadow)"><rect x="21" y="144" width="71" height="47" rx="18" fill="#151b34" stroke="#3b4a7a" stroke-width="1.5"/><text x="56.5" y="167.5" fill="#eef1ff" font-size="14" font-weight="600" text-anchor="middle" dominant-baseline="central">Idle</text></g>
<g filter="url(#vnm-shadow)"><rect x="8" y="263" width="97" height="47" rx="18" fill="#151b34" stroke="#3b4a7a" stroke-width="1.5"/><text x="56.5" y="286.5" fill="#eef1ff" font-size="14" font-weight="600" text-anchor="middle" dominant-baseline="central">Running</text></g>
<circle cx="56.5" cy="414" r="9" fill="none" stroke="#eef1ff" stroke-width="1.5"/><circle cx="56.5" cy="414" r="5" fill="#eef1ff"/>
</svg>"
`;

exports[`renderStateSvg > produces a stable, well-formed SVG for the light theme 1`] = `
"<svg xmlns="http://www.w3.org/2000/svg" width="133" height="390" viewBox="-12 9 133 390" font-family="system-ui, -apple-system, &quot;Segoe UI&quot;, Roboto, Helvetica, Arial, sans-serif">
<defs><marker id="vnm-arrow" viewBox="0 0 10 10" refX="9" refY="5" markerWidth="8" markerHeight="8" orient="auto-start-reverse"><path d="M0 0 L10 5 L0 10 z" fill="#8a93a6"/></marker></defs>
<rect x="-12" y="9" width="133" height="390" fill="#f7f8fb"/>
<path d="M 54.5 51 L 54.5 132" fill="none" stroke="#8a93a6" stroke-width="1.5" stroke-linejoin="round" stroke-linecap="round" marker-end="url(#vnm-arrow)"/>
<path d="M 44.5 174 L 44.5 234" fill="none" stroke="#8a93a6" stroke-width="1.5" stroke-linejoin="round" stroke-linecap="round" marker-end="url(#vnm-arrow)"/><rect x="17.8" y="193" width="53.4" height="22" rx="4" fill="#f7f8fb"/><text x="44.5" y="204" fill="#3a4152" font-size="13" text-anchor="middle" dominant-baseline="central">start</text>
<path d="M 64.5 234 L 64.5 174" fill="none" stroke="#8a93a6" stroke-width="1.5" stroke-linejoin="round" stroke-linecap="round" marker-end="url(#vnm-arrow)"/><rect x="42.14" y="193" width="44.72" height="22" rx="4" fill="#f7f8fb"/><text x="64.5" y="204" fill="#3a4152" font-size="13" text-anchor="middle" dominant-baseline="central">stop</text>
<path d="M 54.5 276 L 54.5 357" fill="none" stroke="#8a93a6" stroke-width="1.5" stroke-linejoin="round" stroke-linecap="round" marker-end="url(#vnm-arrow)"/>
<circle cx="54.5" cy="40" r="9" fill="#1b2030"/>
<g><rect x="21" y="132" width="67" height="42" rx="14" fill="#ffffff" stroke="#c7cdd9" stroke-width="1.5"/><text x="54.5" y="153" fill="#1b2030" font-size="14" font-weight="500" text-anchor="middle" dominant-baseline="central">Idle</text></g>
<g><rect x="8" y="234" width="93" height="42" rx="14" fill="#ffffff" stroke="#c7cdd9" stroke-width="1.5"/><text x="54.5" y="255" fill="#1b2030" font-size="14" font-weight="500" text-anchor="middle" dominant-baseline="central">Running</text></g>
<circle cx="54.5" cy="368" r="9" fill="none" stroke="#1b2030" stroke-width="1.5"/><circle cx="54.5" cy="368" r="5" fill="#1b2030"/>
</svg>"
`;
